GCLC v2026.0
Copyright (c) 1995-2024 by Predrag Janicic, University of Belgrade.
Licensed under the Creative Commons licence CC BY-ND.

Objects:
A: GCLC_POINT : (25.13,23.23)
ABCAax: GCLC_POINT : (21.26,27.24)
ABCAay: GCLC_POINT : (27.34,25.60)
ABCBax: GCLC_POINT : (64.12,55.22)
ABCBay: GCLC_POINT : (69.25,49.52)
ABCCax: GCLC_POINT : (35.58,74.44)
ABCCay: GCLC_POINT : (39.45,80.26)
B: GCLC_POINT : (64.10,49.65)
C: GCLC_POINT : (40.77,76.50)
Ocentre: GCLC_POINT : (50.00,50.00)
Orim: GCLC_POINT : (93.00,50.00)
aEnd: GCLC_POINT : (16.62,22.90)
aMin: GCLC_POINT : (55.96,42.66)
bEnd: GCLC_POINT : (76.17,15.88)
bMin: GCLC_POINT : (58.90,56.83)
cEnd: GCLC_POINT : (66.24,89.81)
cMin: GCLC_POINT : (30.29,58.04)
k1: GCLC_POINT : (25.34,23.45)
k2: GCLC_POINT : (63.98,49.65)
k3: GCLC_POINT : (40.84,76.27)

File successfully processed.
